swedish child beaten by muslim immigrant for having blue eyes <url>
president trump gives permission for us troops to stay at trump hotel in washington dc <url> via <user> <hashtag> the only true leader in our country today 
whoa <hashtag> what a striking contrast to ⁦<user> who is a veteran and patriot! exclusive: democrat senate candidate mark kelly's yearbook shows him dressed as hitler - national file <url>
"'an absolute disgraceful act': abraham lincoln monument torched in chicago!!!! 
" ¿monumentos emblemáticos lucieron los colores de la bandera colombiana ante las manifestaciones?
<url>
