Swedish child beaten by muslim immigrant for having blue eyes 🤮 https://t.co/kJ620Djvpm
President Trump Gives Permission for US Troops to Stay at Trump Hotel in Washington DC https://t.co/9xMd4VPHOp via @gatewaypundit #PresidentTrump the only true leader in our country today 👍
💥💥Whoa #Arizona what a striking contrast to ⁦@MarthaMcSally⁩ who is a Veteran and Patriot! 👇👇EXCLUSIVE: Democrat Senate Candidate Mark Kelly's Yearbook Shows Him Dressed As Hitler - National File https://t.co/u7Ju2ZO4tm
"🚨'An Absolute Disgraceful Act': Abraham Lincoln Monument Torched In Chicago!!!! 😕😕😕
"🇨🇴 ¿Monumentos emblemáticos lucieron los colores de la bandera colombiana ante las manifestaciones?
👇🏼👇🏼👇🏼🇧🇷🇧🇷🇧🇷🇧🇷 https://t.co/WWbqfthv0J"
